// Jest Snapshot v1, https://goo.gl/fbAQLP

exports[`MobileCardContainer component should have one Card component 1`] = `ShallowWrapper {}`;
