// Jest Snapshot v1, https://goo.gl/fbAQLP

exports[`small card conatiner component it should render a div 1`] = `ShallowWrapper {}`;
