// Jest Snapshot v1, https://goo.gl/fbAQLP

exports[`Main component should have 6 child component 1`] = `ShallowWrapper {}`;
