// Jest Snapshot v1, https://goo.gl/fbAQLP

exports[`navigation component should render a div 1`] = `ShallowWrapper {}`;
