// Jest Snapshot v1, https://goo.gl/fbAQLP

exports[` swiperAction  it should be correct 1`] = `ShallowWrapper {}`;
