// Jest Snapshot v1, https://goo.gl/fbAQLP

exports[` Trip swiper component should have a swiper 1`] = `ShallowWrapper {}`;
