// Jest Snapshot v1, https://goo.gl/fbAQLP

exports[`swiper skeleton component should render div as props length 1`] = `ShallowWrapper {}`;
