// Jest Snapshot v1, https://goo.gl/fbAQLP

exports[`Card component should have one Card component 1`] = `ShallowWrapper {}`;
