// Jest Snapshot v1, https://goo.gl/fbAQLP

exports[` detail ad image component it should render a div 1`] = `ShallowWrapper {}`;
