// Jest Snapshot v1, https://goo.gl/fbAQLP

exports[`DetailCardInformation component it should render a div 1`] = `ShallowWrapper {}`;
