// Jest Snapshot v1, https://goo.gl/fbAQLP

exports[`feedback component should have a specific text 1`] = `ShallowWrapper {}`;
